// Jest Snapshot v1, https://goo.gl/fbAQLP

exports[`Component renders correctly 1`] = `
<div
  id="new-list"
  style="background-color: white; padding: 10px 50px 10px 50px; margin-top: 10px;"
>
  <h3>
    New List
  </h3>
   
  <div
    class="row"
  >
    <ul>
      <li>
        <div
          class="col s12"
        >
          <div
            class="card-panel light-blue"
          >
            <span
              class="card-title white-text"
            >
              <i
                class="small material-icons"
              >
                info_outline
              </i>
              Info
            
            </span>
             
            <p
              class="white-text"
            >
              
              The list title will be displayed in the preparation card and as the title on that list's screen
              
              <br />
               
              <br />
              Clicking on the NEW LIST button will create a new sublist inside the list's screen. This will contain a name, description and a list of items
              
              <br />
               
              <br />
              Click on the NEW ITEM button to add items to the list of items.
            
            </p>
          </div>
        </div>
      </li>
    </ul>
  </div>
   
  <div
    class="row"
  >
    <div
      class="fixed-action-btn"
    >
      <a
        class="btn-floating btn-large black"
      >
        <i
          class="material-icons"
        >
          arrow_back
        </i>
      </a>
    </div>
     
    <form
      class="col s12"
    >
      <div
        class="row"
      >
        <div
          class="input-field col s12"
        >
          <span
            id="title"
          >
            Title*
          </span>
           
          <input
            required="required"
            type="text"
          />
        </div>
      </div>
       
      <div>
        <button
          class="btn green"
          id="newListButton"
        >
          new List
        </button>
         
      </div>
       
      <div
        style="margin-top: 10px;"
      >
        <button
          class="btn"
          id="submitButton"
          type="submit"
        >
          Submit
        </button>
         
        <a
          class="btn grey"
          id="cancelButton"
        >
          Cancel
        </a>
      </div>
    </form>
  </div>
</div>
`;
