// Jest Snapshot v1, https://goo.gl/fbAQLP

exports[`Component renders correctly 1`] = `
<div
  id="view-prep-lists"
>
  <ul
    class="collection with-header"
  >
    <li
      class="collection-header"
    >
      <div
        class="container"
        style="width: 100%; height: 100%;"
      >
        <div
          class="row"
        >
          <div
            class="col s12"
          >
            <div
              class="card-panel light-blue"
            >
              <span
                class="card-title white-text"
              >
                <i
                  class="small material-icons"
                >
                  info_outline
                </i>
                Info
              </span>
               
              <p
                class="white-text"
              >
                There are currently no lists for this test.
                <br />
                 To add one, please click on the button below.
                  
              </p>
            </div>
          </div>
        </div>
         
        <table
          class="collection with-header"
          style="background: white; width: 100%; height: auto;"
        >
          <thead
            class="collection-header"
          >
            <h4
              style="padding: 20px; font-size: 3em;"
            >
              <b>
                Lists
              </b>
            </h4>
             
            <tr
              style="font-size: 1.5em;"
            >
              <th
                style="padding: 20px;"
              >
                List Name
              </th>
               
              <th />
            </tr>
          </thead>
            
          <a
            class="btn green"
            id="addListButton"
            style="margin: 20px;"
          >
            Add List
          </a>
           
          <a
            class="btn grey"
            id="backButton"
            style="margin: 20px;"
          >
            Back
          </a>
        </table>
      </div>
    </li>
  </ul>
</div>
`;
